-Import-
========
BaseGeometry = __import__('7-base_geometry').BaseGeometry

-Function Description-
======================
check if the value passed is an integer and strictly positive

-Tests-
=======
>>> bg = BaseGeometry()

>>> bg.integer_validator("my_int", 12)
>>> bg.integer_validator("width", 89)
>>> bg.integer_validator("age", 0)
[ValueError] age must be greater than 0
>>> bg.integer_validator("size", "1")
[TypeError] size must be an integer
>>> bg.integer_validator("distance", "-1")
[ValueError] distance must be greater than 0
